---
source: src/cmd.rs
assertion_line: 244
expression: pretty_print_err(x)
---
  × failed to start cmd: watcmd foo
  ╰─▶ No such file or directory (os error 2)

