---
source: src/cmd.rs
assertion_line: 241
expression: pretty_print_err(x)
---
  × failed to execute cmd: ls foo
   ╭────
 1 │ ls: cannot access 'foo': No such file or directory
   · ─────────────────────────┬─────────────────────────
   ·                          ╰── stderr
   ╰────

